// Jest Snapshot v1, https://goo.gl/fbAQLP

exports[`<Logos /> should render and match the snapshot 1`] = `
<DocumentFragment>
  .c0 {
  display: -webkit-box;
  display: -webkit-flex;
  display: -ms-flexbox;
  display: flex;
  -webkit-align-items: center;
  -webkit-box-align: center;
  -ms-flex-align: center;
  align-items: center;
  color: rgba(58,52,51,0.12);
}

.c0 .logo {
  width: 4.5rem;
  height: 4.5rem;
}

.c0 .sign {
  width: 2rem;
  height: 2rem;
  margin: 0 2rem;
}

<div
    class="c0"
  >
    <svg
      aria-hidden="true"
      class="MuiSvgIcon-root logo"
      focusable="false"
      viewBox="0 0 24 24"
    >
      <path
        d="M12 4.5C7 4.5 2.73 7.61 1 12c1.73 4.39 6 7.5 11 7.5s9.27-3.11 11-7.5c-1.73-4.39-6-7.5-11-7.5zM12 17c-2.76 0-5-2.24-5-5s2.24-5 5-5 5 2.24 5 5-2.24 5-5 5zm0-8c-1.66 0-3 1.34-3 3s1.34 3 3 3 3-1.34 3-3-1.34-3-3-3z"
      />
    </svg>
    <svg
      class="sign"
    >
      plus-sign.svg
    </svg>
    <svg
      aria-hidden="true"
      class="MuiSvgIcon-root logo"
      focusable="false"
      viewBox="0 0 24 24"
    >
      <path
        d="M20 4H4c-1.1 0-1.99.9-1.99 2L2 18c0 1.1.9 2 2 2h16c1.1 0 2-.9 2-2V6c0-1.1-.9-2-2-2zm0 4l-8 5-8-5V6l8 5 8-5v2z"
      />
    </svg>
  </div>
</DocumentFragment>
`;
